------------------------------------------------------------
Timing Analyzer Summary
------------------------------------------------------------

Type  : Slow 1100mV 85C Model Setup 'we'
Slack : -12.794
TNS   : -2762.361

Type  : Slow 1100mV 85C Model Setup 'state_current.readKeySize'
Slack : -11.968
TNS   : -2244.354

Type  : Slow 1100mV 85C Model Setup 'state_current.startDecryption'
Slack : -11.253
TNS   : -2094.304

Type  : Slow 1100mV 85C Model Setup 'clk'
Slack : -2.779
TNS   : -11.226

Type  : Slow 1100mV 85C Model Hold 'we'
Slack : -4.893
TNS   : -704.803

Type  : Slow 1100mV 85C Model Hold 'clk'
Slack : -3.626
TNS   : -11.957

Type  : Slow 1100mV 85C Model Hold 'state_current.startDecryption'
Slack : -3.503
TNS   : -239.651

Type  : Slow 1100mV 85C Model Hold 'state_current.readKeySize'
Slack : -0.392
TNS   : -3.321

Type  : Slow 1100mV 85C Model Minimum Pulse Width 'clk'
Slack : -0.724
TNS   : -13.280

Type  : Slow 1100mV 85C Model Minimum Pulse Width 'state_current.startDecryption'
Slack : -0.308
TNS   : -21.551

Type  : Slow 1100mV 85C Model Minimum Pulse Width 'we'
Slack : -0.112
TNS   : -3.084

Type  : Slow 1100mV 85C Model Minimum Pulse Width 'state_current.readKeySize'
Slack : 0.057
TNS   : 0.000

Type  : Slow 1100mV 0C Model Setup 'we'
Slack : -12.534
TNS   : -2753.355

Type  : Slow 1100mV 0C Model Setup 'state_current.readKeySize'
Slack : -11.840
TNS   : -2243.693

Type  : Slow 1100mV 0C Model Setup 'state_current.startDecryption'
Slack : -11.042
TNS   : -2088.488

Type  : Slow 1100mV 0C Model Setup 'clk'
Slack : -2.523
TNS   : -9.598

Type  : Slow 1100mV 0C Model Hold 'we'
Slack : -4.973
TNS   : -778.948

Type  : Slow 1100mV 0C Model Hold 'state_current.startDecryption'
Slack : -3.636
TNS   : -265.244

Type  : Slow 1100mV 0C Model Hold 'clk'
Slack : -3.602
TNS   : -12.951

Type  : Slow 1100mV 0C Model Hold 'state_current.readKeySize'
Slack : -0.637
TNS   : -7.311

Type  : Slow 1100mV 0C Model Minimum Pulse Width 'clk'
Slack : -0.724
TNS   : -13.303

Type  : Slow 1100mV 0C Model Minimum Pulse Width 'state_current.startDecryption'
Slack : -0.349
TNS   : -29.182

Type  : Slow 1100mV 0C Model Minimum Pulse Width 'we'
Slack : -0.215
TNS   : -16.987

Type  : Slow 1100mV 0C Model Minimum Pulse Width 'state_current.readKeySize'
Slack : 0.037
TNS   : 0.000

Type  : Fast 1100mV 85C Model Setup 'we'
Slack : -6.028
TNS   : -1119.827

Type  : Fast 1100mV 85C Model Setup 'state_current.readKeySize'
Slack : -5.935
TNS   : -1049.921

Type  : Fast 1100mV 85C Model Setup 'state_current.startDecryption'
Slack : -5.733
TNS   : -966.068

Type  : Fast 1100mV 85C Model Setup 'clk'
Slack : -1.335
TNS   : -4.654

Type  : Fast 1100mV 85C Model Hold 'we'
Slack : -2.524
TNS   : -394.173

Type  : Fast 1100mV 85C Model Hold 'clk'
Slack : -1.605
TNS   : -4.794

Type  : Fast 1100mV 85C Model Hold 'state_current.startDecryption'
Slack : -1.403
TNS   : -99.062

Type  : Fast 1100mV 85C Model Hold 'state_current.readKeySize'
Slack : -0.016
TNS   : -0.016

Type  : Fast 1100mV 85C Model Minimum Pulse Width 'we'
Slack : -0.363
TNS   : -154.979

Type  : Fast 1100mV 85C Model Minimum Pulse Width 'clk'
Slack : -0.085
TNS   : -1.007

Type  : Fast 1100mV 85C Model Minimum Pulse Width 'state_current.startDecryption'
Slack : -0.071
TNS   : -0.275

Type  : Fast 1100mV 85C Model Minimum Pulse Width 'state_current.readKeySize'
Slack : 0.259
TNS   : 0.000

Type  : Fast 1100mV 0C Model Setup 'state_current.readKeySize'
Slack : -5.379
TNS   : -968.871

Type  : Fast 1100mV 0C Model Setup 'we'
Slack : -5.195
TNS   : -957.220

Type  : Fast 1100mV 0C Model Setup 'state_current.startDecryption'
Slack : -5.120
TNS   : -895.079

Type  : Fast 1100mV 0C Model Setup 'clk'
Slack : -0.917
TNS   : -2.728

Type  : Fast 1100mV 0C Model Hold 'we'
Slack : -2.445
TNS   : -409.805

Type  : Fast 1100mV 0C Model Hold 'clk'
Slack : -1.553
TNS   : -4.993

Type  : Fast 1100mV 0C Model Hold 'state_current.startDecryption'
Slack : -1.295
TNS   : -86.663

Type  : Fast 1100mV 0C Model Hold 'state_current.readKeySize'
Slack : -0.006
TNS   : -0.006

Type  : Fast 1100mV 0C Model Minimum Pulse Width 'we'
Slack : -0.298
TNS   : -130.762

Type  : Fast 1100mV 0C Model Minimum Pulse Width 'clk'
Slack : -0.087
TNS   : -1.036

Type  : Fast 1100mV 0C Model Minimum Pulse Width 'state_current.startDecryption'
Slack : 0.033
TNS   : 0.000

Type  : Fast 1100mV 0C Model Minimum Pulse Width 'state_current.readKeySize'
Slack : 0.301
TNS   : 0.000

------------------------------------------------------------
